[geniusdevs.com/themeforest/prolab/probucket/index9.html]
[backblue.gif]
[fade.gif]
[index.html]
[geniusdevs.com/themeforest/prolab/probucket/assets/images/favicon.png]
[geniusdevs.com/themeforest/prolab/probucket/assets/css/bootstrap.min.css]
[geniusdevs.com/themeforest/prolab/probucket/assets/css/fontawesome.min.css]
[geniusdevs.com/themeforest/prolab/probucket/assets/css/flaticon.css]
[geniusdevs.com/themeforest/prolab/probucket/assets/css/animate.css]
[geniusdevs.com/themeforest/prolab/probucket/assets/css/owl.carousel.min.css]
[geniusdevs.com/themeforest/prolab/probucket/assets/css/magnific-popup.css]
[geniusdevs.com/themeforest/prolab/probucket/assets/css/aos.css]
[geniusdevs.com/themeforest/prolab/probucket/assets/css/style.css]
[geniusdevs.com/themeforest/prolab/probucket/assets/css/responsive.css]
[geniusdevs.com/themeforest/prolab/probucket/index.html]
[geniusdevs.com/themeforest/prolab/probucket/assets/images/logo-color.png]
[geniusdevs.com/themeforest/prolab/probucket/blog-grid.html]
[geniusdevs.com/themeforest/prolab/probucket/blog-sidebar.html]
[geniusdevs.com/themeforest/prolab/probucket/blog-details-with-sidebar.html]
[geniusdevs.com/themeforest/prolab/probucket/blog-details.html]
[geniusdevs.com/themeforest/prolab/probucket/login.html]
[geniusdevs.com/themeforest/prolab/probucket/register.html]
[geniusdevs.com/themeforest/prolab/probucket/forgot-pass.html]
[geniusdevs.com/themeforest/prolab/probucket/404.html]
[geniusdevs.com/themeforest/prolab/probucket/assets/images/bg-shape.png]
[geniusdevs.com/themeforest/prolab/probucket/assets/images/w4.png]
[geniusdevs.com/themeforest/prolab/probucket/assets/images/bg-shape2.png]
[geniusdevs.com/themeforest/prolab/probucket/assets/images/w3.png]
[geniusdevs.com/themeforest/prolab/probucket/assets/images/w1.png]
[geniusdevs.com/themeforest/prolab/probucket/assets/images/w2.png]
[geniusdevs.com/themeforest/prolab/probucket/assets/images/testimonialimage/1.jpg]
[geniusdevs.com/themeforest/prolab/probucket/assets/images/testimonialimage/2.jpg]
[geniusdevs.com/themeforest/prolab/probucket/assets/images/faq.png]
[geniusdevs.com/themeforest/prolab/probucket/assets/js/popper.min.js]
[geniusdevs.com/themeforest/prolab/probucket/assets/js/jquery.js]
[geniusdevs.com/themeforest/prolab/probucket/assets/js/bootstrap.min.js]
[geniusdevs.com/themeforest/prolab/probucket/assets/js/waypoints.min.js]
[geniusdevs.com/themeforest/prolab/probucket/assets/js/owl.carousel.min.js]
[geniusdevs.com/themeforest/prolab/probucket/assets/js/jquery.magnific-popup.js]
[geniusdevs.com/themeforest/prolab/probucket/assets/js/aos.js]
[geniusdevs.com/themeforest/prolab/probucket/assets/js/jquery.countdown.min.js]
[geniusdevs.com/themeforest/prolab/probucket/assets/js/jquery.easing.1.3.js]
[geniusdevs.com/themeforest/prolab/probucket/assets/js/gmap.js]
[geniusdevs.com/themeforest/prolab/probucket/assets/js/contact.js]
[geniusdevs.com/themeforest/prolab/probucket/assets/js/main.js]
[geniusdevs.com/themeforest/prolab/probucket/index9.html]
[geniusdevs.com/themeforest/prolab/probucket/assets/css/bootstrap.min.css]
[geniusdevs.com/themeforest/prolab/probucket/assets/fonts/fa-brands-400.eot]
[geniusdevs.com/themeforest/prolab/probucket/assets/fonts/fa-brands-400d41d.eot]
[geniusdevs.com/themeforest/prolab/probucket/assets/fonts/fa-brands-400.woff2]
[geniusdevs.com/themeforest/prolab/probucket/assets/fonts/fa-brands-400.woff]
[geniusdevs.com/themeforest/prolab/probucket/assets/fonts/fa-brands-400.ttf]
[geniusdevs.com/themeforest/prolab/probucket/assets/fonts/fa-regular-400.eot]
[geniusdevs.com/themeforest/prolab/probucket/assets/fonts/fa-regular-400d41d.eot]
[geniusdevs.com/themeforest/prolab/probucket/assets/fonts/fa-regular-400.woff2]
[geniusdevs.com/themeforest/prolab/probucket/assets/fonts/fa-regular-400.woff]
[geniusdevs.com/themeforest/prolab/probucket/assets/fonts/fa-regular-400.ttf]
[geniusdevs.com/themeforest/prolab/probucket/assets/fonts/fa-solid-900.eot]
[geniusdevs.com/themeforest/prolab/probucket/assets/fonts/fa-regular-400.svg]
[geniusdevs.com/themeforest/prolab/probucket/assets/fonts/fa-solid-900d41d.eot]
[geniusdevs.com/themeforest/prolab/probucket/assets/fonts/fa-solid-900.woff2]
[geniusdevs.com/themeforest/prolab/probucket/assets/fonts/fa-brands-400.svg]
[geniusdevs.com/themeforest/prolab/probucket/assets/fonts/fa-solid-900.woff]
[geniusdevs.com/themeforest/prolab/probucket/assets/fonts/fa-solid-900.ttf]
[geniusdevs.com/themeforest/prolab/probucket/assets/css/fontawesome.min.css]
[geniusdevs.com/themeforest/prolab/probucket/assets/fonts/Flaticon.eot]
[geniusdevs.com/themeforest/prolab/probucket/assets/fonts/Flaticond41d.eot]
[geniusdevs.com/themeforest/prolab/probucket/assets/fonts/Flaticon.woff2]
[geniusdevs.com/themeforest/prolab/probucket/assets/fonts/fa-solid-900.svg]
[geniusdevs.com/themeforest/prolab/probucket/assets/fonts/Flaticon.woff]
[geniusdevs.com/themeforest/prolab/probucket/assets/fonts/Flaticon.ttf]
[geniusdevs.com/themeforest/prolab/probucket/assets/css/flaticon.css]
[geniusdevs.com/themeforest/prolab/probucket/assets/css/animate.css]
[geniusdevs.com/themeforest/prolab/probucket/assets/css/owl.carousel.min.css]
[geniusdevs.com/themeforest/prolab/probucket/assets/css/magnific-popup.css]
[geniusdevs.com/themeforest/prolab/probucket/assets/css/aos.css]
[geniusdevs.com/themeforest/prolab/probucket/assets/fonts/Flaticon.svg]
[geniusdevs.com/themeforest/prolab/probucket/assets/images/heroarea.jpg]
[geniusdevs.com/themeforest/prolab/probucket/assets/images/video.jpg]
[geniusdevs.com/themeforest/prolab/probucket/assets/images/map.png]
[geniusdevs.com/themeforest/prolab/probucket/assets/images/footer.png]
[geniusdevs.com/themeforest/prolab/probucket/assets/images/hbg3.jpg]
[geniusdevs.com/themeforest/prolab/probucket/assets/images/dealbg.jpg]
[geniusdevs.com/themeforest/prolab/probucket/assets/images/wc.jpg]
[geniusdevs.com/themeforest/prolab/probucket/assets/images/test.jpg]
[geniusdevs.com/themeforest/prolab/probucket/assets/images/foot.jpg]
[geniusdevs.com/themeforest/prolab/probucket/assets/css/style.css]
[geniusdevs.com/themeforest/prolab/probucket/assets/css/responsive.css]
[geniusdevs.com/themeforest/prolab/probucket/index.html]
[geniusdevs.com/themeforest/prolab/probucket/assets/images/blog/img1.png]
[geniusdevs.com/themeforest/prolab/probucket/assets/images/blog/img2.png]
[geniusdevs.com/themeforest/prolab/probucket/assets/images/blog/img3.png]
[geniusdevs.com/themeforest/prolab/probucket/assets/images/blog/img4.png]
[geniusdevs.com/themeforest/prolab/probucket/assets/images/blog/img5.png]
[geniusdevs.com/themeforest/prolab/probucket/assets/images/blog/img6.png]
[geniusdevs.com/themeforest/prolab/probucket/blog-grid.html]
[geniusdevs.com/themeforest/prolab/probucket/blog-sidebar.html]
[geniusdevs.com/themeforest/prolab/probucket/assets/images/blog/blog-details.png]
[geniusdevs.com/themeforest/prolab/probucket/assets/images/blog/comment1.png]
[geniusdevs.com/themeforest/prolab/probucket/assets/images/blog/comment2.png]
[geniusdevs.com/themeforest/prolab/probucket/blog-details-with-sidebar.html]
[geniusdevs.com/themeforest/prolab/probucket/blog-details.html]
[geniusdevs.com/themeforest/prolab/probucket/login.html]
[geniusdevs.com/themeforest/prolab/probucket/register.html]
[geniusdevs.com/themeforest/prolab/probucket/forgot-pass.html]
[geniusdevs.com/themeforest/prolab/probucket/assets/images/404.gif]
[geniusdevs.com/themeforest/prolab/probucket/404.html]
[geniusdevs.com/themeforest/prolab/probucket/assets/fonts/fa-brands-400.svg]
[geniusdevs.com/themeforest/prolab/probucket/assets/fonts/fa-regular-400.svg]
[geniusdevs.com/themeforest/prolab/probucket/assets/fonts/fa-solid-900.svg]
[geniusdevs.com/themeforest/prolab/probucket/assets/fonts/Flaticon.svg]
[geniusdevs.com/themeforest/prolab/probucket/assets/css/owl.video.play.html]
